
> lms-v3@0.1.0 build
> next build

   Γû▓ Next.js 15.3.3
   - Environments: .env.local

   Creating an optimized production build ...
npm : Failed to compile.
At line:1 char:1
+ npm run build > build_output.txt 2>&1; cat build_output.txt
+ ~~~~~~~~~~~~~~~~~~~~~~~~~~~~~~~~~~~~~
    + CategoryInfo          : NotSpecified: (Failed to compile.:String) [], RemoteException
    + FullyQualifiedErrorId : NativeCommandError
 

./src/app/page.tsx
Error:   [31mx[0m Expected ',', got 'className'
    ,-[[36;1;4mC:\Users\Admin\Documents\Projects\lms-v3\src\app\page.tsx[0m:79:1]
 [2m76[0m |           </a>
 [2m77[0m |         </div>
 [2m78[0m |       </main>
 [2m79[0m |       <footer className="row-start-3 flex gap-[24px] flex-wrap items-center justify-center">
    : [35;1m              ^^^^^^^^^[0m
 [2m80[0m |         <a
 [2m81[0m |           className="flex items-center gap-2 hover:underline hover:underline-offset-4"
 [2m82[0m |           href="https://nextjs.org/learn?utm_source=create-next-app&utm_medium=appdir-template-tw&utm_campaign=create-next-app"
    `----

Caused by:
    Syntax Error

Import trace for requested module:
./src/app/page.tsx


> Build failed because of webpack errors
